// Vitest Snapshot v1, https://vitest.dev/guide/snapshot.html

exports[`semantic gold seed: rakdos sacrifice > validates ids and snapshots dataset 1`] = `
{
  "SEM_IR_VERSION": 1,
  "archetype": "rakdos_sacrifice",
  "card_id_scheme": "stable_name_rank_v1",
  "cards": [
    {
      "card_id_scheme": "stable_name_rank_v1",
      "card_name_norm": "cauldron familiar",
      "expected_ir": {
        "card_id": 4746,
        "frames": [
          {
            "cost": [],
            "do": [
              {
                "action": 7,
                "args": [
                  1,
                ],
              },
              {
                "action": 6,
                "args": [
                  1,
                ],
              },
            ],
            "gates": [
              {
                "id": 7,
              },
            ],
            "kind": 1,
            "touch": [
              {
                "id": 2,
              },
            ],
            "watch": [
              {
                "id": 2,
              },
            ],
          },
          {
            "cost": [
              {
                "cost": 3,
                "n": 1,
                "res": 11,
              },
            ],
            "do": [
              {
                "action": 0,
              },
            ],
            "gates": [],
            "kind": 2,
            "touch": [
              {
                "id": 11,
              },
            ],
            "watch": [],
          },
        ],
      },
      "name": "Cauldron Familiar",
      "notes": "ETB drain modeled. Return-from-graveyard action not in v1, keep UNKNOWN_ACTION.",
    },
    {
      "card_id_scheme": "stable_name_rank_v1",
      "card_name_norm": "witch's oven",
      "expected_ir": {
        "card_id": 34907,
        "frames": [
          {
            "cost": [
              {
                "cost": 3,
                "n": 1,
                "res": 0,
              },
            ],
            "do": [
              {
                "action": 3,
                "tokenData": {
                  "kind": 2,
                  "n": 1,
                },
              },
            ],
            "gates": [],
            "kind": 2,
            "touch": [
              {
                "id": 11,
              },
            ],
            "watch": [],
          },
        ],
      },
      "name": "Witch's Oven",
      "notes": "Creates 1 or 2 Food depending on mana value; modeled as 1.",
    },
    {
      "card_id_scheme": "stable_name_rank_v1",
      "card_name_norm": "claim the firstborn",
      "expected_ir": {
        "card_id": 5393,
        "frames": [
          {
            "cost": [],
            "do": [
              {
                "action": 19,
              },
              {
                "action": 16,
              },
            ],
            "gates": [
              {
                "id": 3,
              },
            ],
            "kind": 4,
            "touch": [],
            "watch": [],
          },
        ],
      },
      "name": "Claim the Firstborn",
      "notes": "Control change and untap are modeled; haste not represented.",
    },
    {
      "card_id_scheme": "stable_name_rank_v1",
      "card_name_norm": "mayhem devil",
      "expected_ir": {
        "card_id": 18702,
        "frames": [
          {
            "cost": [],
            "do": [
              {
                "action": 5,
                "args": [
                  1,
                ],
              },
            ],
            "gates": [
              {
                "id": 3,
              },
            ],
            "kind": 1,
            "touch": [
              {
                "id": 2,
              },
            ],
            "watch": [
              {
                "id": 5,
              },
            ],
          },
        ],
      },
      "name": "Mayhem Devil",
      "notes": "Triggers on any sacrifice; target choice modeled via gate.",
    },
    {
      "card_id_scheme": "stable_name_rank_v1",
      "card_name_norm": "priest of forgotten gods",
      "expected_ir": {
        "card_id": 22783,
        "frames": [
          {
            "cost": [
              {
                "cost": 2,
              },
              {
                "cost": 3,
                "n": 2,
                "res": 0,
              },
            ],
            "do": [
              {
                "action": 7,
                "args": [
                  2,
                ],
              },
              {
                "action": 14,
                "args": [
                  2,
                ],
              },
              {
                "action": 1,
                "args": [
                  1,
                ],
              },
            ],
            "gates": [
              {
                "id": 7,
              },
            ],
            "kind": 2,
            "touch": [
              {
                "id": 2,
              },
              {
                "id": 1,
              },
              {
                "id": 3,
              },
            ],
            "watch": [],
          },
        ],
      },
      "name": "Priest of Forgotten Gods",
      "notes": "Multiple effects modeled; mana color specifics omitted.",
    },
    {
      "card_id_scheme": "stable_name_rank_v1",
      "card_name_norm": "deadly dispute",
      "expected_ir": {
        "card_id": 7081,
        "frames": [
          {
            "cost": [
              {
                "cost": 3,
                "n": 1,
                "res": 0,
              },
            ],
            "do": [
              {
                "action": 1,
                "args": [
                  2,
                ],
              },
              {
                "action": 3,
                "tokenData": {
                  "kind": 1,
                  "n": 1,
                },
              },
            ],
            "gates": [],
            "kind": 4,
            "touch": [
              {
                "id": 3,
              },
              {
                "id": 10,
              },
            ],
            "watch": [],
          },
        ],
      },
      "name": "Deadly Dispute",
      "notes": "Additional cost sacrifice; treasure + draw modeled.",
    },
    {
      "card_id_scheme": "stable_name_rank_v1",
      "card_name_norm": "village rites",
      "expected_ir": {
        "card_id": 33597,
        "frames": [
          {
            "cost": [
              {
                "cost": 3,
                "n": 1,
                "res": 0,
              },
            ],
            "do": [
              {
                "action": 1,
                "args": [
                  2,
                ],
              },
            ],
            "gates": [],
            "kind": 4,
            "touch": [
              {
                "id": 3,
              },
            ],
            "watch": [],
          },
        ],
      },
      "name": "Village Rites",
      "notes": "Additional cost sacrifice; draw two.",
    },
    {
      "card_id_scheme": "stable_name_rank_v1",
      "card_name_norm": "voldaren epicure",
      "expected_ir": {
        "card_id": 33857,
        "frames": [
          {
            "cost": [],
            "do": [
              {
                "action": 3,
                "tokenData": {
                  "kind": 4,
                  "n": 1,
                },
              },
            ],
            "gates": [],
            "kind": 1,
            "touch": [
              {
                "id": 13,
              },
            ],
            "watch": [
              {
                "id": 2,
              },
            ],
          },
        ],
      },
      "name": "Voldaren Epicure",
      "notes": "ETB create Blood.",
    },
    {
      "card_id_scheme": "stable_name_rank_v1",
      "card_name_norm": "oni-cult anvil",
      "expected_ir": {
        "card_id": 21275,
        "frames": [
          {
            "cost": [],
            "do": [
              {
                "action": 7,
                "args": [
                  1,
                ],
              },
              {
                "action": 6,
                "args": [
                  1,
                ],
              },
            ],
            "gates": [
              {
                "id": 3,
              },
            ],
            "kind": 1,
            "touch": [
              {
                "id": 2,
              },
            ],
            "watch": [
              {
                "id": 3,
              },
            ],
          },
        ],
      },
      "name": "Oni-Cult Anvil",
      "notes": "Artifact leaves battlefield trigger simplified; token creation omitted.",
    },
    {
      "card_id_scheme": "stable_name_rank_v1",
      "card_name_norm": "bloodtithe harvester",
      "expected_ir": {
        "card_id": 3420,
        "frames": [
          {
            "cost": [],
            "do": [
              {
                "action": 3,
                "tokenData": {
                  "kind": 4,
                  "n": 1,
                },
              },
            ],
            "gates": [],
            "kind": 1,
            "touch": [
              {
                "id": 13,
              },
            ],
            "watch": [
              {
                "id": 2,
              },
            ],
          },
        ],
      },
      "name": "Bloodtithe Harvester",
      "notes": "ETB create Blood; sacrifice ability not modeled.",
    },
    {
      "card_id_scheme": "stable_name_rank_v1",
      "card_name_norm": "fable of the mirror-breaker // reflection of kiki-jiki",
      "expected_ir": {
        "card_id": 9952,
        "frames": [
          {
            "cost": [],
            "do": [
              {
                "action": 3,
                "tokenData": {
                  "kind": 0,
                  "n": 1,
                  "p": 2,
                  "t": 2,
                },
              },
            ],
            "gates": [],
            "kind": 1,
            "touch": [
              {
                "id": 9,
              },
            ],
            "watch": [
              {
                "id": 2,
              },
            ],
          },
        ],
      },
      "name": "Fable of the Mirror-Breaker",
      "notes": "Chapter I token is a Goblin Shaman; use UNKNOWN_TOKEN.",
    },
    {
      "card_id_scheme": "stable_name_rank_v1",
      "card_name_norm": "experimental synthesizer",
      "expected_ir": {
        "card_id": 9829,
        "frames": [
          {
            "cost": [],
            "do": [
              {
                "action": 22,
                "args": [
                  1,
                ],
              },
            ],
            "gates": [],
            "kind": 1,
            "touch": [],
            "watch": [
              {
                "id": 2,
              },
            ],
          },
          {
            "cost": [],
            "do": [
              {
                "action": 3,
                "tokenData": {
                  "kind": 1,
                  "n": 1,
                },
              },
            ],
            "gates": [],
            "kind": 1,
            "touch": [
              {
                "id": 10,
              },
            ],
            "watch": [
              {
                "id": 3,
              },
            ],
          },
        ],
      },
      "name": "Experimental Synthesizer",
      "notes": "ETB exile top card; LTB create Treasure.",
    },
    {
      "card_id_scheme": "stable_name_rank_v1",
      "card_name_norm": "unlucky witness",
      "expected_ir": {
        "card_id": 32861,
        "frames": [
          {
            "cost": [],
            "do": [
              {
                "action": 22,
                "args": [
                  2,
                ],
              },
            ],
            "gates": [],
            "kind": 1,
            "touch": [],
            "watch": [
              {
                "id": 4,
              },
            ],
          },
        ],
      },
      "name": "Unlucky Witness",
      "notes": "Dies exile top two cards until end of next turn.",
    },
    {
      "card_id_scheme": "stable_name_rank_v1",
      "card_name_norm": "shambling ghast",
      "expected_ir": {
        "card_id": 26652,
        "frames": [
          {
            "cost": [],
            "do": [
              {
                "action": 3,
                "tokenData": {
                  "kind": 1,
                  "n": 1,
                },
              },
            ],
            "gates": [
              {
                "id": 9,
              },
            ],
            "kind": 1,
            "touch": [
              {
                "id": 10,
              },
            ],
            "watch": [
              {
                "id": 4,
              },
            ],
          },
        ],
      },
      "name": "Shambling Ghast",
      "notes": "Dies choose one; modeled as optional Treasure.",
    },
    {
      "card_id_scheme": "stable_name_rank_v1",
      "card_name_norm": "the meathook massacre",
      "expected_ir": {
        "card_id": 31012,
        "frames": [
          {
            "cost": [],
            "do": [
              {
                "action": 7,
                "args": [
                  1,
                ],
              },
              {
                "action": 6,
                "args": [
                  1,
                ],
              },
            ],
            "gates": [
              {
                "id": 7,
              },
            ],
            "kind": 1,
            "touch": [
              {
                "id": 2,
              },
            ],
            "watch": [
              {
                "id": 4,
              },
            ],
          },
        ],
      },
      "name": "The Meathook Massacre",
      "notes": "Creature dies triggers loss/gain simplified.",
    },
    {
      "card_id_scheme": "stable_name_rank_v1",
      "card_name_norm": "kroxa, titan of death's hunger",
      "expected_ir": {
        "card_id": 16836,
        "frames": [
          {
            "cost": [],
            "do": [
              {
                "action": 2,
                "args": [
                  1,
                ],
              },
              {
                "action": 7,
                "args": [
                  3,
                ],
              },
            ],
            "gates": [
              {
                "id": 7,
              },
            ],
            "kind": 1,
            "touch": [
              {
                "id": 3,
              },
              {
                "id": 2,
              },
            ],
            "watch": [
              {
                "id": 1,
              },
            ],
          },
        ],
      },
      "name": "Kroxa, Titan of Death's Hunger",
      "notes": "Cast trigger simplified; escape not modeled.",
    },
    {
      "card_id_scheme": "stable_name_rank_v1",
      "card_name_norm": "blood artist",
      "expected_ir": {
        "card_id": 3269,
        "frames": [
          {
            "cost": [],
            "do": [
              {
                "action": 7,
                "args": [
                  1,
                ],
              },
              {
                "action": 6,
                "args": [
                  1,
                ],
              },
            ],
            "gates": [
              {
                "id": 3,
              },
            ],
            "kind": 1,
            "touch": [
              {
                "id": 2,
              },
            ],
            "watch": [
              {
                "id": 4,
              },
            ],
          },
        ],
      },
      "name": "Blood Artist",
      "notes": "Dies trigger; target player modeled via gate.",
    },
    {
      "card_id_scheme": "stable_name_rank_v1",
      "card_name_norm": "zulaport cutthroat",
      "expected_ir": {
        "card_id": 35604,
        "frames": [
          {
            "cost": [],
            "do": [
              {
                "action": 7,
                "args": [
                  1,
                ],
              },
              {
                "action": 6,
                "args": [
                  1,
                ],
              },
            ],
            "gates": [
              {
                "id": 7,
              },
            ],
            "kind": 1,
            "touch": [
              {
                "id": 2,
              },
            ],
            "watch": [
              {
                "id": 4,
              },
            ],
          },
        ],
      },
      "name": "Zulaport Cutthroat",
      "notes": "Each opponent loses life; you gain life.",
    },
    {
      "card_id_scheme": "stable_name_rank_v1",
      "card_name_norm": "dockside chef",
      "expected_ir": {
        "card_id": 7976,
        "frames": [
          {
            "cost": [
              {
                "cost": 1,
                "n": 1,
                "res": 1,
              },
              {
                "cost": 3,
                "n": 1,
                "res": 0,
              },
            ],
            "do": [
              {
                "action": 1,
                "args": [
                  1,
                ],
              },
            ],
            "gates": [],
            "kind": 2,
            "touch": [
              {
                "id": 3,
              },
            ],
            "watch": [],
          },
        ],
      },
      "name": "Dockside Chef",
      "notes": "Pay 1, sacrifice artifact/creature: draw a card.",
    },
    {
      "card_id_scheme": "stable_name_rank_v1",
      "card_name_norm": "sokenzan smelter",
      "expected_ir": {
        "card_id": 27892,
        "frames": [
          {
            "cost": [
              {
                "cost": 3,
                "n": 1,
                "res": 0,
              },
            ],
            "do": [
              {
                "action": 3,
                "tokenData": {
                  "kind": 0,
                  "n": 1,
                  "p": 3,
                  "t": 1,
                },
              },
            ],
            "gates": [
              {
                "id": 9,
              },
            ],
            "kind": 1,
            "touch": [
              {
                "id": 9,
              },
            ],
            "watch": [
              {
                "id": 0,
              },
            ],
          },
        ],
      },
      "name": "Sokenzan Smelter",
      "notes": "At combat you may sacrifice artifact; create 3/1 token. Event is UNKNOWN.",
    },
    {
      "card_id_scheme": "stable_name_rank_v1",
      "card_name_norm": "voltage surge",
      "expected_ir": {
        "card_id": 33883,
        "frames": [
          {
            "cost": [
              {
                "cost": 3,
                "n": 1,
                "res": 0,
              },
            ],
            "do": [
              {
                "action": 5,
                "args": [
                  4,
                ],
              },
            ],
            "gates": [
              {
                "id": 3,
              },
            ],
            "kind": 4,
            "touch": [
              {
                "id": 2,
              },
            ],
            "watch": [],
          },
        ],
      },
      "name": "Voltage Surge",
      "notes": "Additional cost sacrifice artifact to deal 4.",
    },
    {
      "card_id_scheme": "stable_name_rank_v1",
      "card_name_norm": "reckoner's bargain",
      "expected_ir": {
        "card_id": 24009,
        "frames": [
          {
            "cost": [
              {
                "cost": 3,
                "n": 1,
                "res": 0,
              },
            ],
            "do": [
              {
                "action": 1,
                "args": [
                  2,
                ],
              },
              {
                "action": 6,
              },
            ],
            "gates": [],
            "kind": 4,
            "touch": [
              {
                "id": 3,
              },
              {
                "id": 2,
              },
            ],
            "watch": [],
          },
        ],
      },
      "name": "Reckoner's Bargain",
      "notes": "Sacrifice artifact/creature: draw 2 and gain life equal to toughness.",
    },
    {
      "card_id_scheme": "stable_name_rank_v1",
      "card_name_norm": "skullport merchant",
      "expected_ir": {
        "card_id": 27463,
        "frames": [
          {
            "cost": [
              {
                "cost": 3,
                "n": 1,
                "res": 10,
              },
            ],
            "do": [
              {
                "action": 1,
                "args": [
                  1,
                ],
              },
            ],
            "gates": [],
            "kind": 2,
            "touch": [
              {
                "id": 3,
              },
            ],
            "watch": [],
          },
        ],
      },
      "name": "Skullport Merchant",
      "notes": "Sacrifice a Treasure: draw a card.",
    },
    {
      "card_id_scheme": "stable_name_rank_v1",
      "card_name_norm": "blood fountain",
      "expected_ir": {
        "card_id": 3285,
        "frames": [
          {
            "cost": [],
            "do": [
              {
                "action": 3,
                "tokenData": {
                  "kind": 4,
                  "n": 2,
                },
              },
            ],
            "gates": [],
            "kind": 1,
            "touch": [
              {
                "id": 13,
              },
            ],
            "watch": [
              {
                "id": 2,
              },
            ],
          },
        ],
      },
      "name": "Blood Fountain",
      "notes": "ETB create two Blood tokens.",
    },
    {
      "card_id_scheme": "stable_name_rank_v1",
      "card_name_norm": "ob nixilis, the adversary",
      "expected_ir": {
        "card_id": 20976,
        "frames": [
          {
            "cost": [
              {
                "cost": 3,
                "n": 1,
                "res": 0,
              },
            ],
            "do": [
              {
                "action": 0,
              },
            ],
            "gates": [],
            "kind": 4,
            "touch": [],
            "watch": [],
          },
        ],
      },
      "name": "Ob Nixilis, the Adversary",
      "notes": "Casualty and token creation not modeled; keep UNKNOWN_ACTION.",
    },
    {
      "card_id_scheme": "stable_name_rank_v1",
      "card_name_norm": "furnace reins",
      "expected_ir": {
        "card_id": 11456,
        "frames": [
          {
            "cost": [],
            "do": [
              {
                "action": 19,
              },
            ],
            "gates": [
              {
                "id": 3,
              },
            ],
            "kind": 4,
            "touch": [],
            "watch": [],
          },
        ],
      },
      "name": "Furnace Reins",
      "notes": "Gain control until end of turn; sacrifice at end step not modeled.",
    },
    {
      "card_id_scheme": "stable_name_rank_v1",
      "card_name_norm": "immersturm predator",
      "expected_ir": {
        "card_id": 14779,
        "frames": [
          {
            "cost": [
              {
                "cost": 3,
                "n": 1,
                "res": 0,
              },
            ],
            "do": [
              {
                "action": 4,
                "args": [
                  1,
                ],
              },
            ],
            "gates": [],
            "kind": 2,
            "touch": [
              {
                "id": 4,
              },
            ],
            "watch": [],
          },
        ],
      },
      "name": "Immersturm Predator",
      "notes": "Sacrifice a creature: put +1/+1 counter.",
    },
    {
      "card_id_scheme": "stable_name_rank_v1",
      "card_name_norm": "rix maadi reveler",
      "expected_ir": {
        "card_id": 24835,
        "frames": [
          {
            "cost": [],
            "do": [
              {
                "action": 2,
                "args": [
                  1,
                ],
              },
              {
                "action": 1,
                "args": [
                  1,
                ],
              },
            ],
            "gates": [],
            "kind": 4,
            "touch": [
              {
                "id": 3,
              },
            ],
            "watch": [],
          },
        ],
      },
      "name": "Rix Maadi Reveler",
      "notes": "Discard then draw; spectacle not modeled.",
    },
    {
      "card_id_scheme": "stable_name_rank_v1",
      "card_name_norm": "anje, maid of dishonor",
      "expected_ir": {
        "card_id": 1279,
        "frames": [
          {
            "cost": [],
            "do": [
              {
                "action": 3,
                "tokenData": {
                  "kind": 4,
                  "n": 1,
                },
              },
            ],
            "gates": [],
            "kind": 1,
            "touch": [
              {
                "id": 13,
              },
            ],
            "watch": [
              {
                "id": 0,
              },
            ],
          },
          {
            "cost": [
              {
                "cost": 3,
                "n": 2,
                "res": 13,
              },
            ],
            "do": [
              {
                "action": 5,
                "args": [
                  2,
                ],
              },
              {
                "action": 6,
                "args": [
                  2,
                ],
              },
            ],
            "gates": [
              {
                "id": 3,
              },
            ],
            "kind": 2,
            "touch": [
              {
                "id": 2,
              },
            ],
            "watch": [],
          },
        ],
      },
      "name": "Anje, Maid of Dishonor",
      "notes": "End step Blood creation uses UNKNOWN_EVENT; second ability modeled.",
    },
    {
      "card_id_scheme": "stable_name_rank_v1",
      "card_name_norm": "jadar, ghoulcaller of nephalia",
      "expected_ir": {
        "card_id": 15578,
        "frames": [
          {
            "cost": [],
            "do": [
              {
                "action": 3,
                "tokenData": {
                  "kind": 6,
                  "n": 1,
                },
              },
            ],
            "gates": [
              {
                "id": 4,
              },
            ],
            "kind": 1,
            "touch": [
              {
                "id": 15,
              },
            ],
            "watch": [
              {
                "id": 0,
              },
            ],
          },
        ],
      },
      "name": "Jadar, Ghoulcaller of Nephalia",
      "notes": "End step Zombie creation if none; event and condition simplified.",
    },
    {
      "card_id_scheme": "stable_name_rank_v1",
      "card_name_norm": "kari zev, skyship raider",
      "expected_ir": {
        "card_id": 16079,
        "frames": [
          {
            "cost": [],
            "do": [
              {
                "action": 3,
                "tokenData": {
                  "kind": 0,
                  "n": 1,
                  "p": 2,
                  "t": 1,
                },
              },
            ],
            "gates": [],
            "kind": 1,
            "touch": [
              {
                "id": 9,
              },
            ],
            "watch": [
              {
                "id": 0,
              },
            ],
          },
        ],
      },
      "name": "Kari Zev, Skyship Raider",
      "notes": "Attack trigger uses UNKNOWN_EVENT; token type is UNKNOWN_TOKEN.",
    },
    {
      "card_id_scheme": "stable_name_rank_v1",
      "card_name_norm": "bloodchief's thirst",
      "expected_ir": {
        "card_id": 3334,
        "frames": [
          {
            "cost": [],
            "do": [
              {
                "action": 9,
              },
            ],
            "gates": [
              {
                "id": 3,
              },
            ],
            "kind": 4,
            "touch": [],
            "watch": [],
          },
        ],
      },
      "name": "Bloodchief's Thirst",
      "notes": "Destroy target creature or planeswalker; kicker ignored.",
    },
    {
      "card_id_scheme": "stable_name_rank_v1",
      "card_name_norm": "fatal push",
      "expected_ir": {
        "card_id": 10194,
        "frames": [
          {
            "cost": [],
            "do": [
              {
                "action": 9,
              },
            ],
            "gates": [
              {
                "id": 3,
              },
            ],
            "kind": 4,
            "touch": [],
            "watch": [],
          },
        ],
      },
      "name": "Fatal Push",
      "notes": "Destroy target creature with MV <= 2 (revolt ignored).",
    },
    {
      "card_id_scheme": "stable_name_rank_v1",
      "card_name_norm": "go for the throat",
      "expected_ir": {
        "card_id": 12388,
        "frames": [
          {
            "cost": [],
            "do": [
              {
                "action": 9,
              },
            ],
            "gates": [
              {
                "id": 3,
              },
            ],
            "kind": 4,
            "touch": [],
            "watch": [],
          },
        ],
      },
      "name": "Go for the Throat",
      "notes": "Destroy target nonartifact creature; restriction not encoded.",
    },
  ],
  "notes_meta": "card_id is a deterministic rank over normalized card names from cards_index",
}
`;
